.....127.0.0.1 - - [25/Apr/2026 10:16:55] "GET /api/inbox HTTP/1.1" 200 -
.127.0.0.1 - - [25/Apr/2026 10:16:55] "GET /api/inbox-files HTTP/1.1" 200 -
.127.0.0.1 - - [25/Apr/2026 10:16:55] "GET /api/tree HTTP/1.1" 200 -
.127.0.0.1 - - [25/Apr/2026 10:16:55] "GET / HTTP/1.1" 200 -
............................................................................F.127.0.0.1 - - [25/Apr/2026 10:16:56] "GET / HTTP/1.1" 200 -
.127.0.0.1 - - [25/Apr/2026 10:16:57] "GET / HTTP/1.1" 200 -
.127.0.0.1 - - [25/Apr/2026 10:16:58] "GET / HTTP/1.1" 200 -
..127.0.0.1 - - [25/Apr/2026 10:16:59] "GET / HTTP/1.1" 200 -
................127.0.0.1 - - [25/Apr/2026 10:17:00] "GET / HTTP/1.1" 200 -
.127.0.0.1 - - [25/Apr/2026 10:17:00] "GET / HTTP/1.1" 200 -
.127.0.0.1 - - [25/Apr/2026 10:17:00] "GET / HTTP/1.1" 200 -
.127.0.0.1 - - [25/Apr/2026 10:17:00] "GET / HTTP/1.1" 200 -
...127.0.0.1 - - [25/Apr/2026 10:17:00] "POST /api/paste HTTP/1.1" 200 -
..127.0.0.1 - - [25/Apr/2026 10:17:00] "GET / HTTP/1.1" 200 -
.127.0.0.1 - - [25/Apr/2026 10:17:00] "GET / HTTP/1.1" 200 -
....
======================================================================
FAIL: test_loadIngestView_defined (test_ingest_view.TestIngestViewJS)
----------------------------------------------------------------------
Traceback (most recent call last):
  File "/Users/pauls/Documents/_000.Code/Pauls/git/llm-wiki/tests/test_ingest_view.py", line 91, in test_loadIngestView_defined
    self.assertIn("async function loadIngestView()", self.js,
AssertionError: 'async function loadIngestView()' not found in '/**\n * LLM Wiki UI - Frontend Application Logic\n */\n\nconst state = {\n  tree: [],\n  pageIndex: {},\n  currentPage: null,\n  view: \'read\', // \'read\' or \'graph\'\n  graph: { nodes: [], edges: [] },\n  history: [],\n  ai: {\n    isOpen: false,\n    provider: \'gemini\',\n    geminiReady: false,\n    messages: []\n  },\n  isEditing: false\n};\nfunction appendLog(msg, type) {\n  if (!elements.ingestLog) return;\n  const div = document.createElement(\'div\');\n  div.className = `log-entry ${type}`;\n  div.textContent = msg;\n  elements.ingestLog.appendChild(div);\n  elements.ingestLog.scrollTop = elements.ingestLog.scrollHeight;\n}\n\nfunction showIngestConsole() {\n  if (elements.ingestConsoleSection) {\n    elements.ingestConsoleSection.classList.add(\'visible\');\n  }\n}\n\nfunction hideIngestConsole() {\n  if (elements.ingestConsoleSection) {\n    elements.ingestConsoleSection.classList.remove(\'visible\');\n  }\n}\n\n// ── DOM Elements ──────────────────────────────────────────────\n\nconst elements = {\n  wikiNav: document.getElementById(\'wikiNav\'),\n  pageView: document.getElementById(\'pageView\'),\n  logo: document.getElementById(\'logo\'),\n  welcome: document.getElementById(\'welcome\'),\n  welcomeGrid: document.getElementById(\'welcomeGrid\'),\n  pageTitle: document.getElementById(\'pageTitle\'),\n  breadcrumb: document.getElementById(\'breadcrumb\'),\n  markdownBody: document.getElementById(\'markdownBody\'),\n  tagList: document.getElementById(\'tagList\'),\n  confidenceBadge: document.getElementById(\'confidenceBadge\'),\n  searchInput: document.getElementById(\'searchInput\'),\n  searchResults: document.getElementById(\'searchResults\'),\n  sidebar: document.getElementById(\'sidebar\'),\n  sidebarToggle: document.getElementById(\'sidebarToggle\'),\n  btnRead: document.getElementById(\'btnRead\'),\n  btnGraph: document.getElementById(\'btnGraph\'),\n  graphView: document.getElementById(\'graphView\'),\n  graphCanvas: document.getElementById(\'graphCanvas\'),\n  relatedSection: document.getElementById(\'relatedSection\'),\n  relatedList: document.getElementById(\'relatedList\'),\n  sourcesSection: document.getElementById(\'sourcesSection\'),\n  sourcesList: document.getElementById(\'sourcesList\'),\n  metaSection: document.getElementById(\'metaSection\'),\n  metaList: document.getElementById(\'metaList\'),\n  btnHelp: document.getElementById(\'btnHelp\'),\n  helpModal: document.getElementById(\'helpModal\'),\n  closeHelp: document.getElementById(\'closeHelp\'),\n  statsText: document.getElementById(\'statsText\'),\n  \n  // Chat Elements\n  btnAI: document.getElementById(\'btnAI\'),\n  chatDrawer: document.getElementById(\'chatDrawer\'),\n  chatClose: document.getElementById(\'chatClose\'),\n  chatMessages: document.getElementById(\'chatMessages\'),\n  chatInput: document.getElementById(\'chatInput\'),\n  btnChatSend: document.getElementById(\'btnChatSend\'),\n  btnProviderSettings: document.getElementById(\'btnProviderSettings\'),\n  providerStatus: document.getElementById(\'providerStatus\'),\n  chatSetup: document.getElementById(\'chatSetup\'),\n  btnSaveSetup: document.getElementById(\'btnSaveSetup\'),\n  selectProvider: document.getElementById(\'selectProvider\'),\n  geminiSetup: document.getElementById(\'geminiSetup\'),\n  ollamaSetup: document.getElementById(\'ollamaSetup\'),\n  \n  // Management Elements\n  btnNewPage: document.getElementById(\'btnNewPage\'),\n  btnEdit: document.getElementById(\'btnEdit\'),\n  btnArchive: document.getElementById(\'btnArchive\'),\n  editorView: document.getElementById(\'editorView\'),\n  editorPath: document.getElementById(\'editorPath\'),\n  editorTextarea: document.getElementById(\'editorTextarea\'),\n  btnSave: document.getElementById(\'btnSave\'),\n  btnCancel: document.getElementById(\'btnCancel\'),\n  \n  // Ingestion Elements\n\n  btnIngest: document.getElementById(\'btnIngest\'),\n  ingestView: document.getElementById(\'ingestView\'),\n  ingestDropZone: document.getElementById(\'ingestDropZone\'),\n  ingestFileInput: document.getElementById(\'ingestFileInput\'),\n  ingestUploadList: document.getElementById(\'ingestUploadList\'),\n  ingestFileList: document.getElementById(\'ingestFileList\'),\n  ingestEmptyState: document.getElementById(\'ingestEmptyState\'),\n  btnProcessInbox: document.getElementById(\'btnProcessInbox\'),\n  ingestResult: document.getElementById(\'ingestResult\'),\n  dropZone: document.getElementById(\'dropZone\'),\n  statusToast: document.getElementById(\'statusToast\'),\n  statusText: document.getElementById(\'statusText\'),\n  ingestLog: document.getElementById(\'ingestLog\'),\n  ingestConsoleSection: document.getElementById(\'ingestConsoleSection\'),\n  btnCancelConsole: document.getElementById(\'btnCancelConsole\'),\n  ingestPasteText: document.getElementById(\'ingestPasteText\'),\n  ingestPasteTitle: document.getElementById(\'ingestPasteTitle\'),\n  ingestPasteDate: document.getElementById(\'ingestPasteDate\'),\n  btnSavePaste: document.getElementById(\'btnSavePaste\'),\n  btnCancelPaste: document.getElementById(\'btnCancelPaste\'),\n  queueCount: document.getElementById(\'queueCount\')\n};\n\n// ── Initialization ───────────────────────────────────────────\n\nasync function init() {\n  console.log(\'LLM Wiki: Initializing...\');\n  try {\n    // Load initial data in parallel, but with individual catch blocks to prevent total failure\n    await Promise.all([\n      loadTree().catch(e => console.error(\'Failed to load tree:\', e)),\n      loadIndex().catch(e => console.error(\'Failed to load index:\', e)),\n      loadStats().catch(e => console.error(\'Failed to load stats:\', e))\n    ]);\n\n    setupEventListeners();\n    renderWelcomeGrid();\n    checkAIStatus();\n    console.log(\'LLM Wiki: Initialization complete.\');\n  } catch (err) {\n    console.error(\'LLM Wiki: Critical initialization error:\', err);\n    // Fallback: at least enable events so the UI isn\'t dead\n    setupEventListeners();\n  }\n\n  // Load page from URL hash if present\n  const hash = window.location.hash.slice(1);\n  if (hash) {\n    loadPage(hash);\n  }\n\n  // Handle back/forward buttons\n  window.addEventListener(\'popstate\', (e) => {\n    if (e.state && e.state.path) {\n      loadPage(e.state.path, false);\n    }\n  });\n}\n\n// ── API Calls ────────────────────────────────────────────────\n\nasync function loadTree(t = Date.now()) {\n  const res = await fetch(`/api/tree?t=${t}`);\n  state.tree = await res.json();\n  console.log(`[REFRESH] Tree loaded at t=${t}: ${state.tree.length} top-level nodes.`);\n  renderNav(state.tree, elements.wikiNav);\n}\n\nasync function loadIndex(t = Date.now()) {\n  const res = await fetch(`/api/index?t=${t}`);\n  state.pageIndex = await res.json();\n}\n\nasync function loadStats(t = Date.now()) {\n  const res = await fetch(`/api/stats?t=${t}`);\n  const stats = await res.json();\n  elements.statsText.textContent = `${stats.wikiPages} pages`;\n}\n\nasync function refreshUI() {\n  const t = Date.now();\n  console.log(`Refreshing UI (t=${t})...`);\n  try {\n    // Sequential await to avoid overwhelming the server and ensure data consistency\n    await loadTree(t);\n    await loadIndex(t);\n    await loadStats(t);\n    await renderWelcomeGrid(t);\n    await loadIngestView(t);\n    console.log(`UI Refresh complete (t=${t}).`);\n  } catch (err) {\n    console.error(`Refresh UI failed (t=${t}):`, err);\n  }\n}\n\nasync function loadPage(path, pushState = true) {\n  try {\n    const res = await fetch(`/api/page?path=${encodeURIComponent(path)}`);\n    if (!res.ok) throw new Error(\'Page not found\');\n    const data = await res.json();\n    \n    state.currentPage = data;\n    renderPage(data);\n\n    if (pushState) {\n      window.history.pushState({ path }, \'\', `#${path}`);\n    }\n\n    // Update nav active state\n    document.querySelectorAll(\'.nav-item\').forEach(item => {\n      item.classList.toggle(\'active\', item.dataset.path === path);\n    });\n\n    // Switch to read view if in graph\n    if (state.view !== \'read\') {\n      setView(\'read\');\n    }\n  } catch (err) {\n    console.error(err);\n  }\n}\n\n// ── Rendering ────────────────────────────────────────────────\n\nfunction renderNav(tree, container, depth = 0) {\n  if (depth === 0) container.innerHTML = \'\';\n  tree.forEach(node => {\n    if (node.type === \'dir\') {\n      const dirLabel = document.createElement(\'div\');\n      dirLabel.className = \'nav-item nav-dir\';\n      dirLabel.style.paddingLeft = `${20 + depth * 15}px`;\n      dirLabel.textContent = node.name.toUpperCase();\n      container.appendChild(dirLabel);\n      renderNav(node.children, container, depth + 1);\n    } else {\n      const item = document.createElement(\'div\');\n      item.className = \'nav-item\';\n      item.dataset.path = node.path;\n      item.style.paddingLeft = `${20 + depth * 15}px`;\n      item.innerHTML = `<span class="nav-icon">${getCategoryEmoji(node.title)}</span> ${node.title}`;\n      item.onclick = () => {\n        console.log(\'Navigating to:\', node.path);\n        loadPage(node.path);\n      };\n      container.appendChild(item);\n    }\n  });\n}\n\nfunction renderPage(data) {\n  elements.welcome.style.display = \'none\';\n  elements.pageView.style.display = \'block\';\n\n  elements.pageTitle.textContent = data.frontmatter.title || data.path;\n  elements.breadcrumb.textContent = data.path.split(\'/\').slice(0, -1).join(\' / \');\n\n  // Frontmatter\n  elements.tagList.innerHTML = (data.frontmatter.tags || [])\n    .map(t => `<span class="tag">${t}</span>`).join(\'\');\n  \n  const confidence = data.frontmatter.confidence || 0;\n  elements.confidenceBadge.style.display = confidence ? \'flex\' : \'none\';\n  elements.confidenceBadge.textContent = `${Math.round(confidence * 100)}% Confidence`;\n  elements.confidenceBadge.style.color = confidence > 0.8 ? \'#3fb950\' : (confidence > 0.6 ? \'#d29922\' : \'#f85149\');\n\n  // Body\n  let html = marked.parse(data.body);\n  \n  // Resolve Wikilinks [[Title]] or [[Title|Display]]\n  html = html.replace(/\\[\\[([^\\]|]+)(?:\\|([^\\]]+))?\\]\\]/g, (match, title, display) => {\n    const cleanTitle = title.trim();\n    const displayText = display ? display.trim() : cleanTitle;\n    const path = state.pageIndex[cleanTitle] || state.pageIndex[cleanTitle.toLowerCase()];\n    \n    if (path) {\n      return `<span class="wikilink" onclick="navigateWiki(\'${path}\')">${displayText}</span>`;\n    } else {\n      return `<span class="wikilink-broken" title="Page not found">${displayText}</span>`;\n    }\n  });\n\n  elements.markdownBody.innerHTML = html;\n  elements.pageView.scrollTop = 0;\n\n  // Sidebar Panels\n  renderRelated(data.frontmatter.related || []);\n  renderSources(data.frontmatter.sources || [], data.frontmatter.source_url);\n  renderMeta(data.frontmatter);\n}\n\nfunction renderRelated(related) {\n  if (!related || related.length === 0) {\n    elements.relatedSection.style.display = \'none\';\n    return;\n  }\n  elements.relatedSection.style.display = \'block\';\n  elements.relatedList.innerHTML = related.map(link => {\n    // extract from [[Link]]\n    const title = link.replace(/[\\[\\]]/g, \'\');\n    const path = state.pageIndex[title] || state.pageIndex[title.toLowerCase()];\n    return `\n      <div class="info-item">\n        <a href="#" class="info-link" onclick="navigateWiki(\'${path || \'\'}\')">\n          ${getCategoryEmoji(title)} ${title}\n        </a>\n      </div>\n    `;\n  }).join(\'\');\n}\n\nfunction renderSources(sources, sourceUrl) {\n  const hasSources = sources && sources.length > 0;\n  const hasSourceUrl = !!sourceUrl;\n  \n  if (!hasSources && !hasSourceUrl) {\n    elements.sourcesSection.style.display = \'none\';\n    return;\n  }\n  \n  elements.sourcesSection.style.display = \'block\';\n  let html = \'\';\n  \n  if (hasSourceUrl) {\n    html += `\n      <div class="info-item">\n        <a href="${sourceUrl}" target="_blank" class="info-link" title="${sourceUrl}" style="display: flex; align-items: center; gap: 6px; text-decoration: none;">\n          <svg width="14" height="14" viewBox="0 0 24 24" fill="none" stroke="currentColor" stroke-width="2"><path d="M10 13a5 5 0 0 0 7.54.54l3-3a5 5 0 0 0-7.07-7.07l-1.72 1.71"/><path d="M14 11a5 5 0 0 0-7.54-.54l-3 3a5 5 0 0 0 7.07 7.07l1.71-1.71"/></svg>\n          Original Source\n        </a>\n      </div>\n    `;\n  }\n  \n  if (hasSources) {\n    html += sources.map(s => `\n      <div class="info-item">\n        <div class="info-link" title="${s}">📄 ${s.split(\'/\').pop()}</div>\n      </div>\n    `).join(\'\');\n  }\n  \n  elements.sourcesList.innerHTML = html;\n}\n\nfunction renderMeta(fm) {\n  elements.metaSection.style.display = \'block\';\n  elements.metaList.innerHTML = `\n    <div class="info-item" style="color: var(--text-dim); font-size: 0.75rem;">\n      Updated: ${fm.last_updated || \'Unknown\'}<br>\n      Category: ${fm.category || \'None\'}<br>\n      Stale: ${fm.stale ? \'<span style="color:#f85149">Yes</span>\' : \'No\'}\n    </div>\n  `;\n}\n\nasync function renderWelcomeGrid(t = Date.now()) {\n  try {\n    const res = await fetch(`/api/domains?t=${t}`);\n    const domains = await res.json();\n    \n    if (domains.length === 0) {\n      elements.welcomeGrid.innerHTML = `\n        <div class="welcome-card empty">\n          <div class="welcome-card-icon">📭</div>\n          <div class="welcome-card-title">Empty Wiki</div>\n          <div class="welcome-card-desc">Start by uploading notes to your inbox.</div>\n        </div>\n      `;\n      return;\n    }\n\n    elements.welcomeGrid.innerHTML = domains.map(d => `\n      <div class="welcome-card" onclick="navigateWiki(\'${d.path}\')">\n        <div class="welcome-card-icon">${d.icon}</div>\n        <div class="welcome-card-title">${d.name}</div>\n        <div class="welcome-card-desc">${d.desc}</div>\n      </div>\n    `).join(\'\');\n  } catch (err) {\n    console.error(\'Failed to render welcome grid:\', err);\n    elements.welcomeGrid.innerHTML = \'<p class="error">Failed to load domains.</p>\';\n  }\n}\n\n// ── Graph View ───────────────────────────────────────────────\n\nlet graphSimulation = null;\nlet graphListeners = []; // Track listeners so we can remove them on re-render\n\nasync function loadGraph() {\n  const res = await fetch(\'/api/graph\');\n  const data = await res.json();\n  // View Guard: If user switched away while fetching, don\'t render\n  if (state.view !== \'graph\') return;\n  state.graph = data;\n  renderGraph();\n}\n\nfunction renderGraph() {\n  // Stop any existing simulation\n  if (graphSimulation) {\n    cancelAnimationFrame(graphSimulation);\n    graphSimulation = null;\n  }\n\n  // Use an AbortController so all listeners from this render can be removed\n  // cleanly when renderGraph is called again (no cloneNode shenanigans needed).\n  if (renderGraph._abort) renderGraph._abort.abort();\n  const abort = new AbortController();\n  renderGraph._abort = abort;\n  const sig = abort.signal;\n\n  const cvs = elements.graphCanvas;\n  const ctx = cvs.getContext(\'2d\');\n\n  // Wait one frame so display:block has been applied and clientWidth is valid\n  requestAnimationFrame(() => {\n    if (state.view !== \'graph\') return;\n\n    const dpr = window.devicePixelRatio || 1;\n    const W = cvs.clientWidth || 800;\n    const H = cvs.clientHeight || 600;\n    cvs.width  = W * dpr;\n    cvs.height = H * dpr;\n    // Do NOT call ctx.scale(dpr, dpr) here — we handle DPR inside draw() instead\n\n    // Build node objects with initial positions spread around center\n    const nodes = (state.graph.nodes || []).map(n => ({\n      ...n,\n      x: (Math.random() - 0.5) * W * 0.5,\n      y: (Math.random() - 0.5) * H * 0.5\n    }));\n\n    // Resolve edges to node references\n    const edges = (state.graph.edges || []).map(e => ({\n      source: nodes.find(n => n.id === e.source),\n      target: nodes.find(n => n.id === e.target)\n    })).filter(e => e.source && e.target);\n\n    let transform = { x: W / 2, y: H / 2, k: 1 };\n    let hoveredNode = null;\n\n    // ── Draw ──────────────────────────────────────────────────\n    function draw() {\n      // Clear entire backing-store canvas (raw pixels)\n      ctx.clearRect(0, 0, cvs.width, cvs.height);\n      // Fill background so canvas isn\'t transparent\n      ctx.fillStyle = \'#0d1117\';\n      ctx.fillRect(0, 0, cvs.width, cvs.height);\n      ctx.save();\n      // Scale for HiDPI then apply pan/zoom\n      ctx.scale(dpr, dpr);\n      ctx.translate(transform.x, transform.y);\n      ctx.scale(transform.k, transform.k);\n\n      // Edges\n      edges.forEach(e => {\n        const linked = hoveredNode && (e.source === hoveredNode || e.target === hoveredNode);\n        ctx.strokeStyle = linked ? \'#58a6ff\' : \'rgba(130,130,130,0.55)\';\n        ctx.lineWidth   = linked ? 2 : 1.2;\n        ctx.beginPath();\n        ctx.moveTo(e.source.x, e.source.y);\n        ctx.lineTo(e.target.x, e.target.y);\n        ctx.stroke();\n\n        // Arrow head at 70% of edge\n        if (transform.k > 0.4) drawArrow(e.source, e.target, linked);\n      });\n\n      // Nodes\n      nodes.forEach(n => {\n        const isHovered = n === hoveredNode;\n        ctx.shadowBlur  = isHovered ? 14 : 0;\n        ctx.shadowColor = \'#58a6ff\';\n        ctx.fillStyle   = getCategoryColor(n.category);\n        ctx.beginPath();\n        ctx.arc(n.x, n.y, isHovered ? 8 : 6, 0, Math.PI * 2);\n        ctx.fill();\n        ctx.shadowBlur  = 0;\n\n        // Label\n        if (transform.k > 0.7 || isHovered) {\n          ctx.fillStyle = isHovered ? \'#ffffff\' : \'rgba(220,228,236,0.8)\';\n          ctx.font      = isHovered ? \'bold 11px Inter, sans-serif\' : \'10px Inter, sans-serif\';\n          ctx.fillText(n.title, n.x + 10, n.y + 4);\n        }\n      });\n\n      ctx.restore();\n    }\n\n    function drawArrow(src, tgt, highlighted) {\n      const dx   = tgt.x - src.x;\n      const dy   = tgt.y - src.y;\n      const dist = Math.sqrt(dx * dx + dy * dy);\n      if (dist < 30) return;\n      const angle = Math.atan2(dy, dx);\n      const hl    = 8;\n      const ax    = src.x + dx * 0.7;\n      const ay    = src.y + dy * 0.7;\n      ctx.strokeStyle = highlighted ? \'#58a6ff\' : \'rgba(130,130,130,0.55)\';\n      ctx.lineWidth   = highlighted ? 1.5 : 1;\n      ctx.beginPath();\n      ctx.moveTo(ax, ay);\n      ctx.lineTo(ax - hl * Math.cos(angle - Math.PI / 6), ay - hl * Math.sin(angle - Math.PI / 6));\n      ctx.moveTo(ax, ay);\n      ctx.lineTo(ax - hl * Math.cos(angle + Math.PI / 6), ay - hl * Math.sin(angle + Math.PI / 6));\n      ctx.stroke();\n    }\n\n    // ── Physics ───────────────────────────────────────────────\n    function simulate() {\n      nodes.forEach(n => {\n        if (!isFinite(n.x)) n.x = 0;\n        if (!isFinite(n.y)) n.y = 0;\n\n        // Gravity toward center\n        n.x += (0 - n.x) * 0.008;\n        n.y += (0 - n.y) * 0.008;\n\n        // Node repulsion\n        nodes.forEach(m => {\n          if (m === n) return;\n          const dx   = n.x - m.x;\n          const dy   = n.y - m.y;\n          const dist = Math.sqrt(dx * dx + dy * dy) || 0.1;\n          if (dist < 160) {\n            const f = (160 - dist) / 1200;\n            n.x += dx * f;\n            n.y += dy * f;\n          }\n        });\n      });\n\n      // Edge spring attraction\n      edges.forEach(e => {\n        const dx   = e.target.x - e.source.x;\n        const dy   = e.target.y - e.source.y;\n        const dist = Math.sqrt(dx * dx + dy * dy) || 0.1;\n        const f    = (dist - 120) * 0.008;\n        e.source.x += dx * f;\n        e.source.y += dy * f;\n        e.target.x -= dx * f;\n        e.target.y -= dy * f;\n      });\n\n      draw();\n      graphSimulation = requestAnimationFrame(simulate);\n    }\n\n    // ── Event Listeners ───────────────────────────────────────\n    cvs.addEventListener(\'mousemove\', e => {\n      const rect = cvs.getBoundingClientRect();\n      const mx   = (e.clientX - rect.left  - transform.x) / transform.k;\n      const my   = (e.clientY - rect.top   - transform.y) / transform.k;\n      hoveredNode = nodes.find(n => {\n        const dx = n.x - mx, dy = n.y - my;\n        return Math.sqrt(dx * dx + dy * dy) < 10;\n      }) || null;\n      cvs.style.cursor = hoveredNode ? \'pointer\' : \'grab\';\n    }, { signal: sig });\n\n    cvs.addEventListener(\'click\', () => {\n      if (hoveredNode) {\n        cancelAnimationFrame(graphSimulation);\n        graphSimulation = null;\n        setView(\'read\');\n        loadPage(hoveredNode.id);\n      }\n    }, { signal: sig });\n\n    cvs.addEventListener(\'wheel\', e => {\n      e.preventDefault();\n      transform.k *= e.deltaY < 0 ? 1.08 : 0.93;\n    }, { passive: false, signal: sig });\n\n    let drag = null;\n    cvs.addEventListener(\'mousedown\', e => {\n      drag = { startX: e.clientX - transform.x, startY: e.clientY - transform.y };\n      cvs.style.cursor = \'grabbing\';\n    }, { signal: sig });\n    cvs.addEventListener(\'mousemove\', e => {\n      if (!drag) return;\n      transform.x = e.clientX - drag.startX;\n      transform.y = e.clientY - drag.startY;\n    }, { signal: sig });\n    cvs.addEventListener(\'mouseup\',    () => { drag = null; cvs.style.cursor = \'grab\'; }, { signal: sig });\n    cvs.addEventListener(\'mouseleave\', () => { drag = null; }, { signal: sig });\n\n    // Start simulation\n    simulate();\n  });\n}\n\n// ── Utils ────────────────────────────────────────────────────\n\nfunction setupEventListeners() {\n  elements.sidebarToggle.addEventListener(\'click\', () => {\n    elements.sidebar.style.display = elements.sidebar.style.display === \'none\' ? \'block\' : \'none\';\n  });\n\n  // Logo click → go home\n  elements.logo.addEventListener(\'click\', goHome);\n\n  elements.btnGraph.addEventListener(\'click\', () => setView(\'graph\'));\n  elements.btnIngest.addEventListener(\'click\', () => setView(\'ingest\'));\n  elements.btnRead.addEventListener(\'click\', () => {\n    // If on graph or ingest, go back to read view\n    setView(\'read\');\n  });\n  \n  // AI Chat\n  elements.btnAI.addEventListener(\'click\', toggleChat);\n  elements.chatClose.addEventListener(\'click\', toggleChat);\n  elements.btnChatSend.addEventListener(\'click\', askAI);\n  elements.btnProviderSettings.addEventListener(\'click\', showSetup);\n  elements.btnSaveSetup.addEventListener(\'click\', saveSetup);\n  elements.selectProvider.addEventListener(\'change\', (e) => {\n    elements.geminiSetup.style.display = e.target.value === \'gemini\' ? \'block\' : \'none\';\n    elements.ollamaSetup.style.display = e.target.value === \'ollama\' ? \'block\' : \'none\';\n  });\n  \n  // Management\n  elements.btnNewPage.addEventListener(\'click\', createNewPage);\n  elements.btnEdit.addEventListener(\'click\', toggleEdit);\n  elements.btnArchive.addEventListener(\'click\', archivePage);\n  elements.btnSave.addEventListener(\'click\', savePage);\n  elements.btnCancel.addEventListener(\'click\', () => setEditMode(false));\n  \n  // Help Modal\n  if (elements.btnHelp) {\n    elements.btnHelp.addEventListener(\'click\', () => {\n      elements.helpModal.showModal();\n    });\n  }\n  if (elements.closeHelp) {\n    elements.closeHelp.addEventListener(\'click\', () => {\n      elements.helpModal.close();\n    });\n  }\n  if (elements.helpModal) {\n    elements.helpModal.addEventListener(\'click\', (e) => {\n      const dialogDimensions = elements.helpModal.getBoundingClientRect();\n      if (\n        e.clientX < dialogDimensions.left ||\n        e.clientX > dialogDimensions.right ||\n        e.clientY < dialogDimensions.top ||\n        e.clientY > dialogDimensions.bottom\n      ) {\n        elements.helpModal.close();\n      }\n    });\n  }\n  // Ingestion (sidebar button still available as shortcut)\n\n  // Ingest view drag/drop and file input are wired in loadIngestView()\n\n  elements.chatInput.addEventListener(\'keydown\', (e) => {\n    if (e.key === \'Enter\' && !e.shiftKey) {\n      e.preventDefault();\n      askAI();\n    }\n  });\n\n  // Search\n  elements.searchInput.addEventListener(\'input\', debounce(async (e) => {\n    const val = e.target.value;\n    if (val.length < 2) {\n      elements.searchResults.style.display = \'none\';\n      return;\n    }\n    const res = await fetch(`/api/search?q=${encodeURIComponent(val)}`);\n    const results = await res.json();\n    renderSearchResults(results);\n  }, 300));\n\n  // Global Keybindings\n  window.addEventListener(\'keydown\', (e) => {\n    if (e.key === \'/\' && document.activeElement !== elements.searchInput) {\n      e.preventDefault();\n      elements.searchInput.focus();\n    }\n    if (e.key === \'Escape\') {\n      elements.searchResults.style.display = \'none\';\n      elements.searchInput.blur();\n    }\n  });\n}\n\nfunction setView(view) {\n  state.view = view;\n  elements.btnRead.classList.toggle(\'active\',   view === \'read\');\n  elements.btnGraph.classList.toggle(\'active\',  view === \'graph\');\n  elements.btnIngest.classList.toggle(\'active\', view === \'ingest\');\n\n  // Hide all switchable views first\n  elements.graphView.style.display  = \'none\';\n  elements.ingestView.style.display = \'none\';\n\n  if (view === \'read\') {\n    elements.pageView.style.display = state.currentPage ? \'block\' : \'none\';\n    elements.welcome.style.display  = state.currentPage ? \'none\'  : \'flex\';\n    if (graphSimulation) { cancelAnimationFrame(graphSimulation); graphSimulation = null; }\n    if (renderGraph._abort) { renderGraph._abort.abort(); renderGraph._abort = null; }\n  } else if (view === \'graph\') {\n    elements.pageView.style.display = \'none\';\n    elements.welcome.style.display  = \'none\';\n    elements.graphView.style.display = \'block\';\n    loadGraph();\n  } else if (view === \'ingest\') {\n    elements.pageView.style.display  = \'none\';\n    elements.welcome.style.display   = \'none\';\n    elements.ingestView.style.display = \'block\';\n    if (graphSimulation) { cancelAnimationFrame(graphSimulation); graphSimulation = null; }\n    if (renderGraph._abort) { renderGraph._abort.abort(); renderGraph._abort = null; }\n    loadIngestView();\n  }\n}\n\nfunction goHome() {\n  // Stop graph/ingest if running\n  if (graphSimulation) { cancelAnimationFrame(graphSimulation); graphSimulation = null; }\n  if (renderGraph._abort) { renderGraph._abort.abort(); renderGraph._abort = null; }\n\n  // Clear state\n  state.currentPage = null;\n  state.view = \'read\';\n\n  // Update UI\n  elements.graphView.style.display  = \'none\';\n  elements.ingestView.style.display = \'none\';\n  elements.pageView.style.display   = \'none\';\n  elements.welcome.style.display    = \'flex\';\n\n  // Update button states\n  elements.btnRead.classList.add(\'active\');\n  elements.btnGraph.classList.remove(\'active\');\n  elements.btnIngest.classList.remove(\'active\');\n\n  // Clear URL hash without triggering a page load\n  window.history.pushState({}, \'\', \'/\');\n}\n\nwindow.goHome = goHome;\n\nfunction renderSearchResults(results) {\n  if (results.length === 0) {\n    elements.searchResults.innerHTML = \'<div class="search-result-item" style="color: var(--text-dim)">No results found</div>\';\n  } else {\n    elements.searchResults.innerHTML = results.map(r => `\n      <div class="search-result-item" onclick="navigateWiki(\'${r.path}\')">\n        <div class="search-result-title">${getCategoryEmoji(r.title)} ${r.title}</div>\n        <div class="search-result-snippet">${r.snippet}</div>\n      </div>\n    `).join(\'\');\n  }\n  elements.searchResults.style.display = \'block\';\n}\n\nwindow.navigateWiki = function(path) {\n  if (!path) return;\n  elements.searchResults.style.display = \'none\';\n  elements.searchInput.value = \'\';\n  loadPage(path);\n};\n\nfunction getCategoryEmoji(title) {\n  const t = title.toLowerCase();\n  if (t.includes(\'python\')) return \'🐍\';\n  if (t.includes(\'ml\') || t.includes(\'machine learning\')) return \'🤖\';\n  if (t.includes(\'genai\') || t.includes(\'llm\')) return \'🧠\';\n  if (t.includes(\'stat\') || t.includes(\'prob\')) return \'📊\';\n  if (t.includes(\'overview\') || t.includes(\'index\')) return \'📋\';\n  return \'📄\';\n}\n\nfunction getCategoryColor(cat) {\n  switch ((cat || \'\').toLowerCase()) {\n    case \'python\':   return \'#3b8fd4\';  // blue\n    case \'ml\':       return \'#e3b341\';  // amber\n    case \'genai\':    return \'#58a6ff\';  // bright blue\n    case \'concepts\': return \'#a371f7\';  // purple\n    case \'os\':       return \'#3fb950\';  // green\n    case \'meta\':     return \'#f78166\';  // coral/red\n    default:         return \'#79c0ff\';  // light blue fallback\n  }\n}\n\nfunction debounce(func, wait) {\n  let timeout;\n  return function(...args) {\n    clearTimeout(timeout);\n    timeout = setTimeout(() => func.apply(this, args), wait);\n  };\n}\n\n// ── Management Logic ─────────────────────────────────────────\n\nfunction setEditMode(active) {\n  state.isEditing = active;\n  elements.markdownBody.style.display = active ? \'none\' : \'block\';\n  elements.editorView.style.display = active ? \'flex\' : \'none\';\n  elements.btnEdit.style.display = active ? \'none\' : \'block\';\n  elements.btnArchive.style.display = active ? \'none\' : \'block\';\n  if (active && state.ai.isOpen) toggleChat(); // Close AI when editing\n}\n\nfunction toggleEdit() {\n  if (!state.currentPage) return;\n  elements.editorPath.value = state.currentPage.path;\n  elements.editorPath.disabled = true;\n  elements.editorTextarea.value = state.currentPage.raw;\n  setEditMode(true);\n}\n\nfunction createNewPage() {\n  state.currentPage = null;\n  elements.pageView.style.display = \'block\';\n  elements.welcome.style.display = \'none\';\n  elements.pageTitle.textContent = \'New Wiki Page\';\n  elements.breadcrumb.textContent = \'root\';\n  elements.tagList.innerHTML = \'\';\n  elements.confidenceBadge.style.display = \'none\';\n  \n  elements.editorPath.value = \'\';\n  elements.editorPath.disabled = false;\n  elements.editorTextarea.value = \'---\\ntitle: New Page\\nlast_updated: \' + new Date().toISOString().split(\'T\')[0] + \'\\ncategory: meta\\ntags: []\\nconfidence: 1.0\\n---\\n\\nWrite content here...\';\n  \n  setEditMode(true);\n}\n\nasync function savePage() {\n  const path = elements.editorPath.value.trim();\n  const content = elements.editorTextarea.value;\n  \n  if (!path) {\n    alert(\'Path is required (e.g. category/my-page.md)\');\n    return;\n  }\n\n  elements.btnSave.disabled = true;\n  elements.btnSave.textContent = \'Saving...\';\n\n  try {\n    const res = await fetch(\'/api/save\', {\n      method: \'POST\',\n      headers: { \'Content-Type\': \'application/json\' },\n      body: JSON.stringify({ path, content })\n    });\n    \n    if (!res.ok) throw new Error(\'Failed to save\');\n    const resData = await res.json();\n    \n    setEditMode(false);\n    \n    // Refresh UI\n    await refreshUI();\n    loadPage(resData.path || path);\n    \n  } catch (err) {\n    alert(\'Error saving page: \' + err.message);\n  } finally {\n    elements.btnSave.disabled = false;\n    elements.btnSave.textContent = \'Save Changes\';\n  }\n}\n\nasync function archivePage() {\n  if (!state.currentPage) return;\n  if (!confirm(`Are you sure you want to archive "${state.currentPage.frontmatter.title || state.currentPage.path}"?`)) return;\n\n  try {\n    const res = await fetch(\'/api/archive\', {\n      method: \'POST\',\n      headers: { \'Content-Type\': \'application/json\' },\n      body: JSON.stringify({ path: state.currentPage.path })\n    });\n    \n    if (!res.ok) throw new Error(\'Failed to archive\');\n    \n    state.currentPage = null;\n    elements.pageView.style.display = \'none\';\n    elements.welcome.style.display = \'flex\';\n    \n    await Promise.all([loadTree(), loadIndex(), loadStats()]);\n    \n  } catch (err) {\n    alert(\'Error archiving page: \' + err.message);\n  }\n}\n\n// ── Ingestion Logic ──────────────────────────────────────────\n\nconst FILE_ICONS = { \'.md\': \'📝\', \'.pdf\': \'📄\', \'.txt\': \'📃\', \'.rtf\': \'📋\' };\n\nfunction fileIcon(name) {\n  const ext = name.slice(name.lastIndexOf(\'.\')).toLowerCase();\n  return FILE_ICONS[ext] || \'📎\';\n}\n\nfunction formatSize(bytes) {\n  if (bytes < 1024) return bytes + \' B\';\n  if (bytes < 1048576) return (bytes / 1024).toFixed(1) + \' KB\';\n  return (bytes / 1048576).toFixed(1) + \' MB\';\n}\n\nasync function loadIngestView(t = Date.now()) {\n  // ── Load inbox file list ─────────────────────────────────────\n  try {\n    const res = await fetch(`/api/inbox-files?t=${t}`);\n    const files = await res.json();\n    console.log(`[REFRESH] Inbox loaded at t=${t}: ${files.length} files.`);\n    const list = elements.ingestFileList;\n\n    if (files.length === 0) {\n      list.innerHTML = \'<div class="ingest-empty">Inbox is empty — upload files or place them in <code>raw/inbox/</code></div>\';\n    } else {\n      list.innerHTML = files.map(f => `\n        <div class="ingest-file-item">\n          <span class="ingest-file-icon">${fileIcon(f.name)}</span>\n          <span class="ingest-file-name">${f.name}</span>\n          <span class="ingest-file-size">${formatSize(f.size)}</span>\n        </div>`).join(\'\');\n    }\n    elements.queueCount.textContent = `${files.length} file${files.length === 1 ? \'\' : \'s\'}`;\n  } catch (e) {\n    elements.ingestFileList.innerHTML = \'<div class="ingest-empty">Could not read inbox.</div>\';\n  }\n\n  // ── Drag & Drop on the ingest drop zone ──────────────────────\n  const dz = elements.ingestDropZone;\n  if (!dz) return;\n\n  // Re-bind buttons because they might be inside a part of the DOM that was refreshed\n  elements.btnProcessInbox = document.getElementById(\'btnProcessInbox\');\n  elements.ingestFileList = document.getElementById(\'ingestFileList\');\n  elements.queueCount = document.getElementById(\'queueCount\');\n  elements.ingestFileInput = document.getElementById(\'ingestFileInput\');\n\n  // Hide console if not currently processing\n  if (!state.isProcessing) {\n    hideIngestConsole();\n  }\n\n  dz.ondragover = e => {\n    e.preventDefault();\n    dz.classList.add(\'drag-over\');\n  };\n  dz.ondragleave = e => {\n    dz.classList.remove(\'drag-over\');\n  };\n  dz.ondrop = async e => {\n    e.preventDefault();\n    dz.classList.remove(\'drag-over\');\n    const files = Array.from(e.dataTransfer.files);\n    if (files.length) await handleIngestFiles(files);\n  };\n\n  // ── File picker ───────────────────────────────────────────────\n  elements.ingestFileInput.onchange = async e => {\n    const files = Array.from(e.target.files);\n    if (files.length) await handleIngestFiles(files);\n    e.target.value = \'\';  // allow re-selecting same file\n  };\n\n  // ── Process inbox button ──────────────────────────────────────\n  elements.btnProcessInbox.onclick = async () => {\n    const result = elements.ingestResult;\n    result.style.display = \'none\';\n    showIngestConsole();\n    await ingestInbox();\n  };\n\n  // ── Paste note button (Single-Click Ingest) ──────────────────\n  elements.btnSavePaste.onclick = async () => {\n    const content = elements.ingestPasteText.value.trim();\n    const title = elements.ingestPasteTitle.value.trim();\n    const date = elements.ingestPasteDate.value;\n    \n    if (!content) return;\n\n    showIngestConsole();\n    elements.btnSavePaste.disabled = true;\n    elements.btnSavePaste.textContent = \'Ingesting...\';\n\n    try {\n      elements.ingestLog.innerHTML = \'\';\n      appendLog(\'Connecting to AI ingestion stream...\', \'info\');\n      const res = await fetch(\'/api/paste\', {\n        method: \'POST\',\n        headers: { \'Content-Type\': \'application/json\' },\n        body: JSON.stringify({ content, title, date, ingestImmediate: true })\n      });\n\n      await processIngestionStream(res, elements.btnSavePaste);\n\n      elements.ingestPasteText.value = \'\';\n      elements.ingestPasteTitle.value = \'\';\n      elements.ingestPasteDate.value = \'\';\n    } catch (err) {\n      alert(\'Error: \' + err.message);\n      elements.btnSavePaste.disabled = false;\n      elements.btnSavePaste.textContent = \'Save & Ingest\';\n    }\n  };\n\n  elements.btnCancelPaste.onclick = () => {\n    elements.ingestPasteText.value = \'\';\n    elements.ingestPasteTitle.value = \'\';\n    elements.ingestPasteDate.value = \'\';\n  };\n\n  // ── Link ingestion button ────────────────────────────────────\n  const btnSaveLink = document.getElementById(\'btnSaveLink\');\n  const btnCancelLink = document.getElementById(\'btnCancelLink\');\n  const ingestLinkUrl = document.getElementById(\'ingestLinkUrl\');\n  const ingestLinkDate = document.getElementById(\'ingestLinkDate\');\n\n  btnSaveLink.onclick = async () => {\n    const url = ingestLinkUrl.value.trim();\n    const date = ingestLinkDate.value;\n    if (!url) return;\n\n    showIngestConsole();\n    elements.ingestLog.innerHTML = \'\';\n    btnSaveLink.disabled = true;\n    btnSaveLink.textContent = \'Fetching...\';\n    appendLog(`Connecting to AI ingestion stream for ${url}...`, \'info\');\n\n    try {\n      const res = await fetch(\'/api/link\', {\n        method: \'POST\',\n        headers: { \'Content-Type\': \'application/json\' },\n        body: JSON.stringify({ url, date, ingestImmediate: true })\n      });\n\n      await processIngestionStream(res, btnSaveLink);\n\n      ingestLinkUrl.value = \'\';\n      ingestLinkDate.value = \'\';\n    } catch (err) {\n      alert(\'Error: \' + err.message);\n      btnSaveLink.disabled = false;\n      btnSaveLink.textContent = \'Ingest Link\';\n    }\n  };\n\n  btnCancelLink.onclick = () => {\n    ingestLinkUrl.value = \'\';\n    ingestLinkDate.value = \'\';\n  };\n\n  // ── Console close button ──────────────────────────────────────\n  if (elements.btnCancelConsole) {\n    elements.btnCancelConsole.onclick = () => hideIngestConsole();\n  }\n}\n\n// ── Tab Switching ──────────────────────────────────────────\nfunction switchIngestTab(tab) {\n  const tabs = document.querySelectorAll(\'.ingest-tab\');\n  const panes = document.querySelectorAll(\'.tab-pane\');\n  \n  tabs.forEach(t => t.classList.remove(\'active\'));\n  panes.forEach(p => p.classList.remove(\'active\'));\n  \n  if (tab === \'upload\') {\n    document.getElementById(\'tabUpload\').classList.add(\'active\');\n    document.getElementById(\'contentUpload\').classList.add(\'active\');\n  } else if (tab === \'paste\') {\n    document.getElementById(\'tabPaste\').classList.add(\'active\');\n    document.getElementById(\'contentPaste\').classList.add(\'active\');\n  } else if (tab === \'link\') {\n    document.getElementById(\'tabLink\').classList.add(\'active\');\n    document.getElementById(\'contentLink\').classList.add(\'active\');\n  }\n}\n\nasync function handleIngestFiles(files) {\n  const uploadList = elements.ingestUploadList;\n  uploadList.innerHTML = \'\';\n\n  for (const file of files) {\n    const item = document.createElement(\'div\');\n    item.className = \'ingest-upload-item\';\n    item.innerHTML = `<span>${fileIcon(file.name)} ${file.name}</span><span class="ingest-uploading">Uploading…</span>`;\n    uploadList.appendChild(item);\n\n    try {\n      await uploadFile(file);\n      item.querySelector(\'.ingest-uploading\').textContent = \'✓ Added to inbox\';\n      item.querySelector(\'.ingest-uploading\').className = \'ingest-upload-ok\';\n    } catch {\n      item.querySelector(\'.ingest-uploading\').textContent = \'✗ Failed\';\n      item.querySelector(\'.ingest-uploading\').className = \'ingest-upload-err\';\n    }\n  }\n  // Refresh file list after upload\n  await loadIngestView();\n}\n\nasync function handleDrop(e) {\n  e.preventDefault();\n  elements.dropZone.style.display = \'none\';\n  \n  const files = Array.from(e.dataTransfer.files);\n  if (files.length === 0) return;\n\n  showToast(`Uploading ${files.length} file(s)...`);\n  \n  try {\n    for (const file of files) {\n      await uploadFile(file);\n    }\n    showToast(\'Starting Ingestion...\');\n    await ingestInbox();\n  } catch (err) {\n    showToast(\'Upload failed: \' + err.message);\n    setTimeout(hideToast, 3000);\n  }\n}\n\nasync function uploadFile(file) {\n  const formData = new FormData();\n  formData.append(\'file\', file);\n\n  const res = await fetch(\'/api/upload\', {\n    method: \'POST\',\n    body: formData\n  });\n\n  if (!res.ok) throw new Error(\'Failed to upload \' + file.name);\n  return await res.json();\n}\n\nasync function processIngestionStream(response, btnElement) {\n  let finalResult = null;\n  try {\n    if (!response.ok) {\n      const errText = await response.text();\n      throw new Error(`Server returned ${response.status}: ${errText}`);\n    }\n\n    const reader = response.body.getReader();\n    const decoder = new TextDecoder();\n    let partial = \'\';\n\n    while (true) {\n      const { value, done } = await reader.read();\n      if (done) break;\n      \n      const chunk = decoder.decode(value, { stream: true });\n      const lines = (partial + chunk).split(\'\\n\');\n      partial = lines.pop();\n\n      for (const line of lines) {\n        if (!line.trim()) continue;\n        try {\n          const data = JSON.parse(line);\n          if (data.FINAL_RESULT) finalResult = data;\n          if (data.message) appendLog(data.message, data.type);\n        } catch (e) {\n          // If not JSON, just append as raw step\n          appendLog(line, \'step\');\n        }\n      }\n    }\n\n  } catch (err) {\n    console.error(\'Ingestion stream error:\', err);\n    appendLog(\'Stream Error: \' + err.message, \'error\');\n    showToast(\'Ingestion failed.\');\n  } finally {\n    state.isProcessing = false;\n    if (btnElement) {\n      btnElement.disabled = false;\n      if (btnElement.id === \'btnSavePaste\') btnElement.textContent = \'Save & Ingest\';\n      if (btnElement.id === \'btnSaveLink\') btnElement.textContent = \'Ingest Link\';\n    }\n    \n    if (finalResult) {\n      if (finalResult.processed > 0) {\n        showToast(`Successfully ingested ${finalResult.processed} note(s)!`);\n      } else if (finalResult.total_in_inbox === 0) {\n        showToast(\'Inbox is empty.\');\n      }\n    }\n    \n    setTimeout(hideToast, 4000);\n    \n    console.log(\'Ingestion finished, triggering primary refresh...\');\n    await new Promise(r => setTimeout(r, 1500));\n    await refreshUI();\n    \n    for (let i = 1; i <= 3; i++) {\n        const freshQueueCount = document.getElementById(\'queueCount\');\n        const countText = freshQueueCount ? freshQueueCount.textContent : \'unknown\';\n        if (countText !== \'0 files\') {\n            console.log(`[RETRY ${i}] Inbox still not empty (${countText}), refreshing again...`);\n            await new Promise(r => setTimeout(r, 2000));\n            await refreshUI();\n        } else {\n            console.log(`[SUCCESS] Inbox reported empty after ${i-1} retries.`);\n            break;\n        }\n    }\n  }\n}\n\nasync function ingestInbox() {\n  if (state.isProcessing) return;\n  state.isProcessing = true;\n  \n  showIngestConsole();\n  elements.ingestLog.innerHTML = \'\';\n  elements.ingestResult.style.display = \'none\';\n  if (elements.btnProcessInbox) elements.btnProcessInbox.disabled = true;\n  \n  appendLog(\'Connecting to AI ingestion stream...\', \'info\');\n\n  try {\n    const response = await fetch(\'/api/ingest-inbox\', { method: \'POST\' });\n    await processIngestionStream(response, elements.btnProcessInbox);\n  } catch (err) {\n    console.error(\'ingestInbox error:\', err);\n    appendLog(\'Network Error: \' + err.message, \'error\');\n    state.isProcessing = false;\n    if (elements.btnProcessInbox) elements.btnProcessInbox.disabled = false;\n  }\n}\n\nfunction showToast(text) {\n  elements.statusText.textContent = text;\n  elements.statusToast.style.display = \'flex\';\n}\n\nfunction hideToast() {\n  elements.statusToast.style.display = \'none\';\n}\n\n// ── AI Assistant Logic ───────────────────────────────────────\n\nasync function checkAIStatus() {\n  try {\n    const res = await fetch(\'/api/status\');\n    const data = await res.json();\n    state.ai.geminiReady = data.geminiReady;\n    state.ai.provider = data.defaultProvider;\n    updateProviderStatus();\n  } catch (err) {\n    console.error(\'Failed to check AI status:\', err);\n  }\n}\n\nfunction updateProviderStatus() {\n  const p = state.ai.provider;\n  const ready = p === \'gemini\' ? state.ai.geminiReady : true;\n  elements.providerStatus.innerHTML = `\n    <span style="color: ${ready ? \'#3fb950\' : \'#f85149\'}">●</span> \n    Using ${p.charAt(0).toUpperCase() + p.slice(1)} ${!ready ? \'(Unconfigured)\' : \'\'}\n  `;\n}\n\nfunction toggleChat() {\n  state.ai.isOpen = !state.ai.isOpen;\n  elements.chatDrawer.classList.toggle(\'open\', state.ai.isOpen);\n  if (state.ai.isOpen) {\n    if (!state.ai.geminiReady && state.ai.provider === \'gemini\') {\n      showSetup();\n    }\n    setTimeout(() => elements.chatInput.focus(), 400);\n  }\n}\n\nfunction showSetup() {\n  elements.chatMessages.style.display = \'none\';\n  elements.chatSetup.style.display = \'block\';\n}\n\nfunction saveSetup() {\n  state.ai.provider = elements.selectProvider.value;\n  // Local only update for now (won\'t persist to .env but works for sess)\n  updateProviderStatus();\n  elements.chatSetup.style.display = \'none\';\n  elements.chatMessages.style.display = \'flex\';\n}\n\nasync function askAI() {\n  const text = elements.chatInput.value.trim();\n  if (!text) return;\n\n  // Add user message\n  addMessage(\'user\', text);\n  elements.chatInput.value = \'\';\n  elements.btnChatSend.disabled = true;\n\n  // Add typing indicator\n  const typingId = \'typing-\' + Date.now();\n  addMessage(\'ai\', \'Thinking...\', typingId);\n\n  try {\n    const res = await fetch(\'/api/ask\', {\n      method: \'POST\',\n      headers: { \'Content-Type\': \'application/json\' },\n      body: JSON.stringify({\n        query: text,\n        provider: state.ai.provider,\n        model: state.ai.provider === \'ollama\' ? document.getElementById(\'ollamaModel\').value : null\n      })\n    });\n    \n    const data = await res.json();\n    const typingEl = document.getElementById(typingId);\n    \n    if (data.error) {\n      typingEl.innerHTML = `<span style="color:#f85149">Error: ${data.error}</span>`;\n    } else {\n      typingEl.innerHTML = `<div class="markdown-body">${marked.parse(data.answer)}</div>`;\n      if (data.sources && data.sources.length > 0) {\n        const sourcesHtml = `<div class="msg-sources">Sources: ${data.sources.join(\', \')}</div>`;\n        typingEl.innerHTML += sourcesHtml;\n      }\n    }\n  } catch (err) {\n    document.getElementById(typingId).textContent = \'Error: Failed to connect to server.\';\n  } finally {\n    elements.btnChatSend.disabled = false;\n    elements.chatMessages.scrollTop = elements.chatMessages.scrollHeight;\n  }\n}\n\nfunction addMessage(role, text, id = null) {\n  const msg = document.createElement(\'div\');\n  msg.className = `message ${role}`;\n  if (id) msg.id = id;\n  msg.textContent = text;\n  elements.chatMessages.appendChild(msg);\n  elements.chatMessages.scrollTop = elements.chatMessages.scrollHeight;\n}\n\nwindow.quickAsk = function(q) {\n  if (!state.ai.isOpen) toggleChat();\n  elements.chatInput.value = q;\n  askAI();\n};\n\n// Start\ninit();\n' : loadIngestView() async function must be defined

----------------------------------------------------------------------
Ran 119 tests in 5.913s

FAILED (failures=1)
DEBUG: API GET /api/page
DEBUG: API GET /api/status
DEBUG: API GET /api/tree
DEBUG: API GET /api/inbox
DEBUG: API GET /api/inbox-files
DEBUG: API GET /api/tree
DEBUG: Reading text file content...
DEBUG: Synthesizing wiki page using gemini...
DEBUG: Saving to History/General/old-note.md...
DEBUG: Moving source to raw storage...
DEBUG: API GET /api/inbox-files
DEBUG: API GET /api/inbox-files
DEBUG: API GET /api/inbox-files
DEBUG: Reading text file content...
DEBUG: Synthesizing wiki page using gemini...
DEBUG: Saving to TextDomain/TextSub/test.md...
DEBUG: Moving source to raw storage...
DEBUG: Relocating OldDomain/OldSub/test.md -> NewDomain/NewSub/test.md
